+++
title = "ゴールデンファイルテスト用の課題"
date = 2025-01-01T10:00:00Z
lastmod = 2025-01-15T14:30:00Z
project = "SCRUM"
issue_key = "SCRUM-2"
type = "page"
issue_type = "タスク"
parent = "SCRUM-1"
+++

# SCRUM-2: ゴールデンファイルテスト用の課題

<!-- PAGE_RIGHT_START -->

## 基本情報

- **課題キー**: SCRUM-2
- **課題タイプ**: タスク
- **ステータス**: 完了
- **優先度**: 中
- **担当者**: テスト担当者
- **報告者**: テスト報告者
- **作成日**: 2025-01-01 10:00:00
- **更新日**: 2025-01-15 14:30:00
- **期限**: 2025-02-01
- **ラベル**: テスト, ゴールデンファイル
- **親課題**: [SCRUM-1](../SCRUM-1/)
- **初期見積り**: 8.00h
- **作業時間**: 7.00h
- **解決状況**: 完了

## 開発情報

### プルリクエスト

- [Feature: Add golden file test](https://github.com/test/repo/pull/1)
  - 作成者: developer1
  - ブランチ: `feature/golden-file-test`
  - 状態: MERGED

### ブランチ

- [`feature/golden-file-test`](https://github.com/test/repo/tree/feature/golden-file-test)

<!-- PAGE_RIGHT_END -->

## 説明

これはテスト用の説明です。  

*太字*と_斜体_のテキストを含みます。  

コードブロック:  
```java  

public static void main(String[] args) {  
    System.out.println("Hello, World!");  
}  

```  

リスト:  
- 項目1  
- 項目2  
  - 項目2-1

## コメント

### コメント 1

- **投稿者**: コメント投稿者1
- **投稿日**: 2025-01-02T10:00:00.000+0900

最初のコメントです。

### コメント 2

- **投稿者**: コメント投稿者2
- **投稿日**: 2025-01-03T11:00:00.000+0900

2番目のコメントです。  

複数行のコメント。

## サブタスク

- **[SCRUM-3](../SCRUM-3/)**: サブタスク1 [進行中]
- **[SCRUM-4](../SCRUM-4/)**: サブタスク2 [完了]

## 関連リンク

- **関連する**: [SCRUM-5](../SCRUM-5/) - 関連課題1 [未着手]
- **ブロックされている**: [SCRUM-6](../SCRUM-6/) - ブロック元課題 [完了]

## 添付ファイル

- [SCRUM-2_screenshot.png](../../attachments/SCRUM-2_screenshot.png)
- [SCRUM-2_document.pdf](../../attachments/SCRUM-2_document.pdf)

## 変更履歴

### 変更 1

- **変更者**: 変更者1
- **変更日**: 2025-01-05T12:00:00.000+0900

- **status**: `未着手` → `進行中`

### 変更 2

- **変更者**: 変更者2
- **変更日**: 2025-01-10T15:00:00.000+0900

- **status**: `進行中` → `完了`
- **assignee**: `前任者` → `テスト担当者`

